
> create-a-car-wiki@0.1.0 build
> node scripts/build-reviewed.mjs

{
  "name": "create-a-car-wiki",
  "gateVersion": 2,
  "passed": true,
  "issues": [],
  "warnings": [
    "Review source authenticity, claim support, calibration correctness and inventory completeness manually. Self-authored records are not independent proof."
  ],
  "checks": {
    "fingerprint": {
      "sha256": "70529e73b28e8a067df2082f71bfec47b454f3ef3454b7eedb91bfa8c27c0305",
      "files": 29
    },
    "pages": 5,
    "claims": 12,
    "sources": 6,
    "artifacts": 22
  },
  "limitation": "Checks evidence completeness and recorded results; cannot certify fact truth, actual execution or Google indexing."
}

> create-a-car-wiki@0.1.0 build:site
> next build

  ▲ Next.js 14.2.35

   Creating an optimized production build ...
 ✓ Compiled successfully
   Linting and checking validity of types ...
   Collecting page data ...
   Generating static pages (0/8) ...
   Generating static pages (2/8) 
   Generating static pages (4/8) 
   Generating static pages (6/8) 
 ✓ Generating static pages (8/8)
   Finalizing page optimization ...
   Collecting build traces ...

Route (app)                              Size     First Load JS
┌ ○ /                                    186 B          96.2 kB
├ ○ /_not-found                          138 B          87.5 kB
├ ○ /about                               186 B          96.2 kB
├ ○ /garage-notebook                     1.79 kB        97.8 kB
├ ○ /privacy-policy                      186 B          96.2 kB
└ ○ /terms                               185 B          96.2 kB
+ First Load JS shared by all            87.4 kB
  ├ chunks/117-70963ce3e3e3fa52.js       31.9 kB
  ├ chunks/fd9d1056-9f91b5e418130764.js  53.6 kB
  └ other shared chunks (total)          1.86 kB


○  (Static)  prerendered as static content

